MemTotal:       393098624 kB
MemFree:        388821540 kB
MemAvailable:   389097076 kB
Buffers:           82224 kB
Cached:          2212680 kB
SwapCached:            0 kB
Active:           460052 kB
Inactive:        2006464 kB
Active(anon):     198500 kB
Inactive(anon):     2600 kB
Active(file):     261552 kB
Inactive(file):  2003864 kB
Unevictable:        3072 kB
Mlocked:               0 kB
SwapTotal:      19530748 kB
SwapFree:       19530748 kB
Dirty:             26884 kB
Writeback:             0 kB
AnonPages:        176440 kB
Mapped:           189464 kB
Shmem:             28800 kB
KReclaimable:     293196 kB
Slab:             551832 kB
SReclaimable:     293196 kB
SUnreclaim:       258636 kB
KernelStack:       18640 kB
PageTables:        19436 kB
NFS_Unstable:          0 kB
Bounce:                0 kB
WritebackTmp:          0 kB
CommitLimit:    216080060 kB
Committed_AS:    4680200 kB
VmallocTotal:   34359738367 kB
VmallocUsed:      278528 kB
VmallocChunk:          0 kB
Percpu:            85760 kB
HardwareCorrupted:     0 kB
AnonHugePages:         0 kB
ShmemHugePages:        0 kB
ShmemPmdMapped:        0 kB
FileHugePages:         0 kB
FilePmdMapped:         0 kB
CmaTotal:              0 kB
CmaFree:               0 kB
HugePages_Total:       0
HugePages_Free:        0
HugePages_Rsvd:        0
HugePages_Surp:        0
Hugepagesize:       2048 kB
Hugetlb:               0 kB
DirectMap4k:      532480 kB
DirectMap2M:     4675584 kB
DirectMap1G:    1056964608 kB
