MemTotal:       393098628 kB
MemFree:        390017808 kB
MemAvailable:   389208764 kB
Buffers:           99488 kB
Cached:          1168100 kB
SwapCached:            0 kB
Active:           544760 kB
Inactive:         948796 kB
Active(anon):     252980 kB
Inactive(anon):     2592 kB
Active(file):     291780 kB
Inactive(file):   946204 kB
Unevictable:        3072 kB
Mlocked:               0 kB
SwapTotal:      19530748 kB
SwapFree:       19530748 kB
Dirty:             33216 kB
Writeback:             0 kB
AnonPages:        230568 kB
Mapped:           202104 kB
Shmem:             28460 kB
KReclaimable:     179204 kB
Slab:             442180 kB
SReclaimable:     179204 kB
SUnreclaim:       262976 kB
KernelStack:       19456 kB
PageTables:        21960 kB
NFS_Unstable:          0 kB
Bounce:                0 kB
WritebackTmp:          0 kB
CommitLimit:    216080060 kB
Committed_AS:    4738776 kB
VmallocTotal:   34359738367 kB
VmallocUsed:      278400 kB
VmallocChunk:          0 kB
Percpu:            84480 kB
HardwareCorrupted:     0 kB
AnonHugePages:         0 kB
ShmemHugePages:        0 kB
ShmemPmdMapped:        0 kB
FileHugePages:         0 kB
FilePmdMapped:         0 kB
CmaTotal:              0 kB
CmaFree:               0 kB
HugePages_Total:       0
HugePages_Free:        0
HugePages_Rsvd:        0
HugePages_Surp:        0
Hugepagesize:       2048 kB
Hugetlb:               0 kB
DirectMap4k:      497664 kB
DirectMap2M:     5758976 kB
DirectMap1G:    1055916032 kB
