MemTotal:       393098640 kB
MemFree:        386006628 kB
MemAvailable:   389109008 kB
Buffers:           83892 kB
Cached:          4917060 kB
SwapCached:            0 kB
Active:           191108 kB
Inactive:        4974408 kB
Active(anon):       1808 kB
Inactive(anon):   199240 kB
Active(file):     189300 kB
Inactive(file):  4775168 kB
Unevictable:        3072 kB
Mlocked:               0 kB
SwapTotal:      19530748 kB
SwapFree:       19530748 kB
Dirty:             29352 kB
Writeback:             0 kB
AnonPages:        173120 kB
Mapped:           190540 kB
Shmem:             28756 kB
KReclaimable:     548784 kB
Slab:             807844 kB
SReclaimable:     548784 kB
SUnreclaim:       259060 kB
KernelStack:       18560 kB
PageTables:        19540 kB
NFS_Unstable:          0 kB
Bounce:                0 kB
WritebackTmp:          0 kB
CommitLimit:    216080068 kB
Committed_AS:    4680280 kB
VmallocTotal:   34359738367 kB
VmallocUsed:      278644 kB
VmallocChunk:          0 kB
Percpu:            84800 kB
HardwareCorrupted:     0 kB
AnonHugePages:         0 kB
ShmemHugePages:        0 kB
ShmemPmdMapped:        0 kB
FileHugePages:         0 kB
FilePmdMapped:         0 kB
CmaTotal:              0 kB
CmaFree:               0 kB
HugePages_Total:       0
HugePages_Free:        0
HugePages_Rsvd:        0
HugePages_Surp:        0
Hugepagesize:       2048 kB
Hugetlb:               0 kB
DirectMap4k:      514048 kB
DirectMap2M:     4694016 kB
DirectMap1G:    1056964608 kB
