MemTotal:       393098644 kB
MemFree:        388042492 kB
MemAvailable:   389143972 kB
Buffers:           86324 kB
Cached:          3014872 kB
SwapCached:            0 kB
Active:           319804 kB
Inactive:        2967580 kB
Active(anon):       1872 kB
Inactive(anon):   224084 kB
Active(file):     317932 kB
Inactive(file):  2743496 kB
Unevictable:        3072 kB
Mlocked:               0 kB
SwapTotal:      19530748 kB
SwapFree:       19530748 kB
Dirty:             26104 kB
Writeback:             0 kB
AnonPages:        200440 kB
Mapped:           201588 kB
Shmem:             28864 kB
KReclaimable:     353064 kB
Slab:             607412 kB
SReclaimable:     353064 kB
SUnreclaim:       254348 kB
KernelStack:       18208 kB
PageTables:        19568 kB
NFS_Unstable:          0 kB
Bounce:                0 kB
WritebackTmp:          0 kB
CommitLimit:    216080068 kB
Committed_AS:    4716580 kB
VmallocTotal:   34359738367 kB
VmallocUsed:      278560 kB
VmallocChunk:          0 kB
Percpu:            85120 kB
HardwareCorrupted:     0 kB
AnonHugePages:         0 kB
ShmemHugePages:        0 kB
ShmemPmdMapped:        0 kB
FileHugePages:         0 kB
FilePmdMapped:         0 kB
CmaTotal:              0 kB
CmaFree:               0 kB
HugePages_Total:       0
HugePages_Free:        0
HugePages_Rsvd:        0
HugePages_Surp:        0
Hugepagesize:       2048 kB
Hugetlb:               0 kB
DirectMap4k:      477184 kB
DirectMap2M:     5779456 kB
DirectMap1G:    1055916032 kB
