MemTotal:       393098628 kB
MemFree:        389621260 kB
MemAvailable:   389049224 kB
Buffers:           99360 kB
Cached:          1391968 kB
SwapCached:            0 kB
Active:           608816 kB
Inactive:        1174364 kB
Active(anon):     318584 kB
Inactive(anon):     2580 kB
Active(file):     290232 kB
Inactive(file):  1171784 kB
Unevictable:        3072 kB
Mlocked:               0 kB
SwapTotal:      19530748 kB
SwapFree:       19530748 kB
Dirty:              2460 kB
Writeback:             0 kB
AnonPages:        295800 kB
Mapped:           204404 kB
Shmem:             28712 kB
KReclaimable:     205160 kB
Slab:             463168 kB
SReclaimable:     205160 kB
SUnreclaim:       258008 kB
KernelStack:       19472 kB
PageTables:        24240 kB
NFS_Unstable:          0 kB
Bounce:                0 kB
WritebackTmp:          0 kB
CommitLimit:    216080060 kB
Committed_AS:    4801676 kB
VmallocTotal:   34359738367 kB
VmallocUsed:      278288 kB
VmallocChunk:          0 kB
Percpu:            84160 kB
HardwareCorrupted:     0 kB
AnonHugePages:         0 kB
ShmemHugePages:        0 kB
ShmemPmdMapped:        0 kB
FileHugePages:         0 kB
FilePmdMapped:         0 kB
CmaTotal:              0 kB
CmaFree:               0 kB
HugePages_Total:       0
HugePages_Free:        0
HugePages_Rsvd:        0
HugePages_Surp:        0
Hugepagesize:       2048 kB
Hugetlb:               0 kB
DirectMap4k:      526336 kB
DirectMap2M:     4681728 kB
DirectMap1G:    1056964608 kB
