MemTotal:       393098628 kB
MemFree:        386867092 kB
MemAvailable:   389051696 kB
Buffers:           87088 kB
Cached:          4013404 kB
SwapCached:            0 kB
Active:           441516 kB
Inactive:        3799452 kB
Active(anon):     156200 kB
Inactive(anon):     2600 kB
Active(file):     285316 kB
Inactive(file):  3796852 kB
Unevictable:        3072 kB
Mlocked:               0 kB
SwapTotal:      19530748 kB
SwapFree:       19530748 kB
Dirty:             27340 kB
Writeback:            12 kB
AnonPages:        144784 kB
Mapped:           187252 kB
Shmem:             17460 kB
KReclaimable:     478836 kB
Slab:             732328 kB
SReclaimable:     478836 kB
SUnreclaim:       253492 kB
KernelStack:       17104 kB
PageTables:        14716 kB
NFS_Unstable:          0 kB
Bounce:                0 kB
WritebackTmp:          0 kB
CommitLimit:    216080060 kB
Committed_AS:    2601672 kB
VmallocTotal:   34359738367 kB
VmallocUsed:      276272 kB
VmallocChunk:          0 kB
Percpu:            84480 kB
HardwareCorrupted:     0 kB
AnonHugePages:         0 kB
ShmemHugePages:        0 kB
ShmemPmdMapped:        0 kB
FileHugePages:         0 kB
FilePmdMapped:         0 kB
CmaTotal:              0 kB
CmaFree:               0 kB
HugePages_Total:       0
HugePages_Free:        0
HugePages_Rsvd:        0
HugePages_Surp:        0
Hugepagesize:       2048 kB
Hugetlb:               0 kB
DirectMap4k:      550912 kB
DirectMap2M:     5705728 kB
DirectMap1G:    1055916032 kB
