MemTotal:       393098624 kB
MemFree:        390752232 kB
MemAvailable:   389387020 kB
Buffers:           98356 kB
Cached:           430572 kB
SwapCached:            0 kB
Active:           573180 kB
Inactive:         202840 kB
Active(anon):     273448 kB
Inactive(anon):     2564 kB
Active(file):     299732 kB
Inactive(file):   200276 kB
Unevictable:        3072 kB
Mlocked:               0 kB
SwapTotal:      19530748 kB
SwapFree:       19530748 kB
Dirty:              5488 kB
Writeback:             0 kB
AnonPages:        250880 kB
Mapped:           206768 kB
Shmem:             28796 kB
KReclaimable:      76500 kB
Slab:             325076 kB
SReclaimable:      76500 kB
SUnreclaim:       248576 kB
KernelStack:       17552 kB
PageTables:        19252 kB
NFS_Unstable:          0 kB
Bounce:                0 kB
WritebackTmp:          0 kB
CommitLimit:    216080060 kB
Committed_AS:    4813696 kB
VmallocTotal:   34359738367 kB
VmallocUsed:      277408 kB
VmallocChunk:          0 kB
Percpu:            84800 kB
HardwareCorrupted:     0 kB
AnonHugePages:         0 kB
ShmemHugePages:        0 kB
ShmemPmdMapped:        0 kB
FileHugePages:         0 kB
FilePmdMapped:         0 kB
CmaTotal:              0 kB
CmaFree:               0 kB
HugePages_Total:       0
HugePages_Free:        0
HugePages_Rsvd:        0
HugePages_Surp:        0
Hugepagesize:       2048 kB
Hugetlb:               0 kB
DirectMap4k:      479232 kB
DirectMap2M:     4728832 kB
DirectMap1G:    1056964608 kB
