MemTotal:       393098640 kB
MemFree:        383848204 kB
MemAvailable:   388990292 kB
Buffers:           85768 kB
Cached:          6885732 kB
SwapCached:            0 kB
Active:           347900 kB
Inactive:        6764752 kB
Active(anon):       1908 kB
Inactive(anon):   168060 kB
Active(file):     345992 kB
Inactive(file):  6596692 kB
Unevictable:        3072 kB
Mlocked:               0 kB
SwapTotal:      19530748 kB
SwapFree:       19530748 kB
Dirty:              3776 kB
Writeback:             0 kB
AnonPages:        155996 kB
Mapped:           185640 kB
Shmem:             17456 kB
KReclaimable:     672072 kB
Slab:             926060 kB
SReclaimable:     672072 kB
SUnreclaim:       253988 kB
KernelStack:       16656 kB
PageTables:        14240 kB
NFS_Unstable:          0 kB
Bounce:                0 kB
WritebackTmp:          0 kB
CommitLimit:    216080068 kB
Committed_AS:    2607692 kB
VmallocTotal:   34359738367 kB
VmallocUsed:      276928 kB
VmallocChunk:          0 kB
Percpu:            85120 kB
HardwareCorrupted:     0 kB
AnonHugePages:         0 kB
ShmemHugePages:        0 kB
ShmemPmdMapped:        0 kB
FileHugePages:         0 kB
FilePmdMapped:         0 kB
CmaTotal:              0 kB
CmaFree:               0 kB
HugePages_Total:       0
HugePages_Free:        0
HugePages_Rsvd:        0
HugePages_Surp:        0
Hugepagesize:       2048 kB
Hugetlb:               0 kB
DirectMap4k:      536576 kB
DirectMap2M:     5720064 kB
DirectMap1G:    1055916032 kB
