MemTotal:       393098644 kB
MemFree:        390835652 kB
MemAvailable:   389500528 kB
Buffers:          113140 kB
Cached:           460056 kB
SwapCached:            0 kB
Active:           223460 kB
Inactive:         447456 kB
Active(anon):       1316 kB
Inactive(anon):   113452 kB
Active(file):     222144 kB
Inactive(file):   334004 kB
Unevictable:        3072 kB
Mlocked:               0 kB
SwapTotal:      19530748 kB
SwapFree:       19530748 kB
Dirty:              1216 kB
Writeback:             0 kB
AnonPages:        100884 kB
Mapped:           179560 kB
Shmem:             17008 kB
KReclaimable:      80232 kB
Slab:             316452 kB
SReclaimable:      80232 kB
SUnreclaim:       236220 kB
KernelStack:       15104 kB
PageTables:        14400 kB
NFS_Unstable:          0 kB
Bounce:                0 kB
WritebackTmp:          0 kB
CommitLimit:    216080068 kB
Committed_AS:    1684708 kB
VmallocTotal:   34359738367 kB
VmallocUsed:      273960 kB
VmallocChunk:          0 kB
Percpu:            85760 kB
HardwareCorrupted:     0 kB
AnonHugePages:         0 kB
ShmemHugePages:        0 kB
ShmemPmdMapped:        0 kB
FileHugePages:         0 kB
FilePmdMapped:         0 kB
CmaTotal:              0 kB
CmaFree:               0 kB
HugePages_Total:       0
HugePages_Free:        0
HugePages_Rsvd:        0
HugePages_Surp:        0
Hugepagesize:       2048 kB
Hugetlb:               0 kB
DirectMap4k:      516096 kB
DirectMap2M:     5740544 kB
DirectMap1G:    1055916032 kB
