MemTotal:       393098640 kB
MemFree:        390892604 kB
MemAvailable:   389556800 kB
Buffers:          112844 kB
Cached:           472764 kB
SwapCached:            0 kB
Active:           224556 kB
Inactive:         444968 kB
Active(anon):       1128 kB
Inactive(anon):   111212 kB
Active(file):     223428 kB
Inactive(file):   333756 kB
Unevictable:        3072 kB
Mlocked:               0 kB
SwapTotal:      19530748 kB
SwapFree:       19530748 kB
Dirty:               332 kB
Writeback:             0 kB
AnonPages:         87544 kB
Mapped:           191124 kB
Shmem:             28352 kB
KReclaimable:      78144 kB
Slab:             310704 kB
SReclaimable:      78144 kB
SUnreclaim:       232560 kB
KernelStack:       16368 kB
PageTables:        16608 kB
NFS_Unstable:          0 kB
Bounce:                0 kB
WritebackTmp:          0 kB
CommitLimit:    216080068 kB
Committed_AS:    1210756 kB
VmallocTotal:   34359738367 kB
VmallocUsed:      274456 kB
VmallocChunk:          0 kB
Percpu:            84160 kB
HardwareCorrupted:     0 kB
AnonHugePages:         0 kB
ShmemHugePages:        0 kB
ShmemPmdMapped:        0 kB
FileHugePages:         0 kB
FilePmdMapped:         0 kB
CmaTotal:              0 kB
CmaFree:               0 kB
HugePages_Total:       0
HugePages_Free:        0
HugePages_Rsvd:        0
HugePages_Surp:        0
Hugepagesize:       2048 kB
Hugetlb:               0 kB
DirectMap4k:      483328 kB
DirectMap2M:     5773312 kB
DirectMap1G:    1055916032 kB
