MemTotal:       393098624 kB
MemFree:        385038344 kB
MemAvailable:   389000284 kB
Buffers:           85976 kB
Cached:          5739268 kB
SwapCached:            0 kB
Active:           479732 kB
Inactive:        5511964 kB
Active(anon):     192776 kB
Inactive(anon):     2592 kB
Active(file):     286956 kB
Inactive(file):  5509372 kB
Unevictable:        3072 kB
Mlocked:               0 kB
SwapTotal:      19530748 kB
SwapFree:       19530748 kB
Dirty:              2108 kB
Writeback:             0 kB
AnonPages:        170248 kB
Mapped:           197264 kB
Shmem:             28796 kB
KReclaimable:     604180 kB
Slab:             860976 kB
SReclaimable:     604180 kB
SUnreclaim:       256796 kB
KernelStack:       18304 kB
PageTables:        20084 kB
NFS_Unstable:          0 kB
Bounce:                0 kB
WritebackTmp:          0 kB
CommitLimit:    216080060 kB
Committed_AS:    4683400 kB
VmallocTotal:   34359738367 kB
VmallocUsed:      278720 kB
VmallocChunk:          0 kB
Percpu:            84800 kB
HardwareCorrupted:     0 kB
AnonHugePages:         0 kB
ShmemHugePages:        0 kB
ShmemPmdMapped:        0 kB
FileHugePages:         0 kB
FilePmdMapped:         0 kB
CmaTotal:              0 kB
CmaFree:               0 kB
HugePages_Total:       0
HugePages_Free:        0
HugePages_Rsvd:        0
HugePages_Surp:        0
Hugepagesize:       2048 kB
Hugetlb:               0 kB
DirectMap4k:      493568 kB
DirectMap2M:     5763072 kB
DirectMap1G:    1055916032 kB
