MemTotal:       393098644 kB
MemFree:        385929952 kB
MemAvailable:   389097616 kB
Buffers:           85356 kB
Cached:          4972072 kB
SwapCached:            0 kB
Active:           248852 kB
Inactive:        4934664 kB
Active(anon):       1876 kB
Inactive(anon):   153156 kB
Active(file):     246976 kB
Inactive(file):  4781508 kB
Unevictable:        3072 kB
Mlocked:               0 kB
SwapTotal:      19530748 kB
SwapFree:       19530748 kB
Dirty:             29428 kB
Writeback:             0 kB
AnonPages:        141264 kB
Mapped:           181984 kB
Shmem:             17456 kB
KReclaimable:     551624 kB
Slab:             805120 kB
SReclaimable:     551624 kB
SUnreclaim:       253496 kB
KernelStack:       16832 kB
PageTables:        14284 kB
NFS_Unstable:          0 kB
Bounce:                0 kB
WritebackTmp:          0 kB
CommitLimit:    216080068 kB
Committed_AS:    2608092 kB
VmallocTotal:   34359738367 kB
VmallocUsed:      276192 kB
VmallocChunk:          0 kB
Percpu:            84480 kB
HardwareCorrupted:     0 kB
AnonHugePages:         0 kB
ShmemHugePages:        0 kB
ShmemPmdMapped:        0 kB
FileHugePages:         0 kB
FilePmdMapped:         0 kB
CmaTotal:              0 kB
CmaFree:               0 kB
HugePages_Total:       0
HugePages_Free:        0
HugePages_Rsvd:        0
HugePages_Surp:        0
Hugepagesize:       2048 kB
Hugetlb:               0 kB
DirectMap4k:      524288 kB
DirectMap2M:     5732352 kB
DirectMap1G:    1055916032 kB
