MemTotal:       393098640 kB
MemFree:        388768044 kB
MemAvailable:   389103640 kB
Buffers:           86072 kB
Cached:          2282892 kB
SwapCached:            0 kB
Active:           267304 kB
Inactive:        2290596 kB
Active(anon):       1564 kB
Inactive(anon):   230372 kB
Active(file):     265740 kB
Inactive(file):  2060224 kB
Unevictable:        3072 kB
Mlocked:               0 kB
SwapTotal:      19530748 kB
SwapFree:       19530748 kB
Dirty:             31968 kB
Writeback:             0 kB
AnonPages:        206488 kB
Mapped:           201044 kB
Shmem:             28776 kB
KReclaimable:     292528 kB
Slab:             549572 kB
SReclaimable:     292528 kB
SUnreclaim:       257044 kB
KernelStack:       18848 kB
PageTables:        22820 kB
NFS_Unstable:          0 kB
Bounce:                0 kB
WritebackTmp:          0 kB
CommitLimit:    216080068 kB
Committed_AS:    4711388 kB
VmallocTotal:   34359738367 kB
VmallocUsed:      278352 kB
VmallocChunk:          0 kB
Percpu:            85120 kB
HardwareCorrupted:     0 kB
AnonHugePages:         0 kB
ShmemHugePages:        0 kB
ShmemPmdMapped:        0 kB
FileHugePages:         0 kB
FilePmdMapped:         0 kB
CmaTotal:              0 kB
CmaFree:               0 kB
HugePages_Total:       0
HugePages_Free:        0
HugePages_Rsvd:        0
HugePages_Surp:        0
Hugepagesize:       2048 kB
Hugetlb:               0 kB
DirectMap4k:      479232 kB
DirectMap2M:     4728832 kB
DirectMap1G:    1056964608 kB
