MemTotal:       393098628 kB
MemFree:        386269524 kB
MemAvailable:   389056516 kB
Buffers:           98576 kB
Cached:          4583024 kB
SwapCached:            0 kB
Active:           539620 kB
Inactive:        4374188 kB
Active(anon):     247692 kB
Inactive(anon):     2584 kB
Active(file):     291928 kB
Inactive(file):  4371604 kB
Unevictable:        3072 kB
Mlocked:               0 kB
SwapTotal:      19530748 kB
SwapFree:       19530748 kB
Dirty:              2624 kB
Writeback:             0 kB
AnonPages:        236808 kB
Mapped:           190880 kB
Shmem:             17456 kB
KReclaimable:     521332 kB
Slab:             763584 kB
SReclaimable:     521332 kB
SUnreclaim:       242252 kB
KernelStack:       16272 kB
PageTables:        14656 kB
NFS_Unstable:          0 kB
Bounce:                0 kB
WritebackTmp:          0 kB
CommitLimit:    216080060 kB
Committed_AS:    2708852 kB
VmallocTotal:   34359738367 kB
VmallocUsed:      276480 kB
VmallocChunk:          0 kB
Percpu:            85120 kB
HardwareCorrupted:     0 kB
AnonHugePages:         0 kB
ShmemHugePages:        0 kB
ShmemPmdMapped:        0 kB
FileHugePages:         0 kB
FilePmdMapped:         0 kB
CmaTotal:              0 kB
CmaFree:               0 kB
HugePages_Total:       0
HugePages_Free:        0
HugePages_Rsvd:        0
HugePages_Surp:        0
Hugepagesize:       2048 kB
Hugetlb:               0 kB
DirectMap4k:      557056 kB
DirectMap2M:     4651008 kB
DirectMap1G:    1056964608 kB
