MemTotal:       393098624 kB
MemFree:        390891564 kB
MemAvailable:   389558212 kB
Buffers:          115916 kB
Cached:           461220 kB
SwapCached:            0 kB
Active:           408328 kB
Inactive:         252516 kB
Active(anon):      98364 kB
Inactive(anon):     2396 kB
Active(file):     309964 kB
Inactive(file):   250120 kB
Unevictable:        3072 kB
Mlocked:               0 kB
SwapTotal:      19530748 kB
SwapFree:       19530748 kB
Dirty:               620 kB
Writeback:             0 kB
AnonPages:         86388 kB
Mapped:           186344 kB
Shmem:             17008 kB
KReclaimable:      79840 kB
Slab:             316372 kB
SReclaimable:      79840 kB
SUnreclaim:       236532 kB
KernelStack:       14976 kB
PageTables:        13132 kB
NFS_Unstable:          0 kB
Bounce:                0 kB
WritebackTmp:          0 kB
CommitLimit:    216080060 kB
Committed_AS:    1019760 kB
VmallocTotal:   34359738367 kB
VmallocUsed:      273736 kB
VmallocChunk:          0 kB
Percpu:            88000 kB
HardwareCorrupted:     0 kB
AnonHugePages:         0 kB
ShmemHugePages:        0 kB
ShmemPmdMapped:        0 kB
FileHugePages:         0 kB
FilePmdMapped:         0 kB
CmaTotal:              0 kB
CmaFree:               0 kB
HugePages_Total:       0
HugePages_Free:        0
HugePages_Rsvd:        0
HugePages_Surp:        0
Hugepagesize:       2048 kB
Hugetlb:               0 kB
DirectMap4k:      509952 kB
DirectMap2M:     5746688 kB
DirectMap1G:    1055916032 kB
