MemTotal:       393098624 kB
MemFree:        390801944 kB
MemAvailable:   389480580 kB
Buffers:          113876 kB
Cached:           488348 kB
SwapCached:            0 kB
Active:           432416 kB
Inactive:         251944 kB
Active(anon):      97332 kB
Inactive(anon):     2408 kB
Active(file):     335084 kB
Inactive(file):   249536 kB
Unevictable:        3072 kB
Mlocked:               0 kB
SwapTotal:      19530748 kB
SwapFree:       19530748 kB
Dirty:               372 kB
Writeback:             0 kB
AnonPages:         86084 kB
Mapped:           206612 kB
Shmem:             17516 kB
KReclaimable:      79280 kB
Slab:             324604 kB
SReclaimable:      79280 kB
SUnreclaim:       245324 kB
KernelStack:       14608 kB
PageTables:        12880 kB
NFS_Unstable:          0 kB
Bounce:                0 kB
WritebackTmp:          0 kB
CommitLimit:    216080060 kB
Committed_AS:    2581432 kB
VmallocTotal:   34359738367 kB
VmallocUsed:      274216 kB
VmallocChunk:          0 kB
Percpu:            87360 kB
HardwareCorrupted:     0 kB
AnonHugePages:         0 kB
ShmemHugePages:        0 kB
ShmemPmdMapped:        0 kB
FileHugePages:         0 kB
FilePmdMapped:         0 kB
CmaTotal:              0 kB
CmaFree:               0 kB
HugePages_Total:       0
HugePages_Free:        0
HugePages_Rsvd:        0
HugePages_Surp:        0
Hugepagesize:       2048 kB
Hugetlb:               0 kB
DirectMap4k:      471040 kB
DirectMap2M:     4737024 kB
DirectMap1G:    1056964608 kB
