MemTotal:       393098624 kB
MemFree:        390856156 kB
MemAvailable:   389521732 kB
Buffers:          113044 kB
Cached:           462328 kB
SwapCached:            0 kB
Active:           420644 kB
Inactive:         250208 kB
Active(anon):     111136 kB
Inactive(anon):     2396 kB
Active(file):     309508 kB
Inactive(file):   247812 kB
Unevictable:        3072 kB
Mlocked:               0 kB
SwapTotal:      19530748 kB
SwapFree:       19530748 kB
Dirty:                 8 kB
Writeback:             0 kB
AnonPages:         99568 kB
Mapped:           172736 kB
Shmem:             17516 kB
KReclaimable:      80768 kB
Slab:             324232 kB
SReclaimable:      80768 kB
SUnreclaim:       243464 kB
KernelStack:       14736 kB
PageTables:        14144 kB
NFS_Unstable:          0 kB
Bounce:                0 kB
WritebackTmp:          0 kB
CommitLimit:    216080060 kB
Committed_AS:    2589020 kB
VmallocTotal:   34359738367 kB
VmallocUsed:      274232 kB
VmallocChunk:          0 kB
Percpu:            85120 kB
HardwareCorrupted:     0 kB
AnonHugePages:         0 kB
ShmemHugePages:        0 kB
ShmemPmdMapped:        0 kB
FileHugePages:         0 kB
FilePmdMapped:         0 kB
CmaTotal:              0 kB
CmaFree:               0 kB
HugePages_Total:       0
HugePages_Free:        0
HugePages_Rsvd:        0
HugePages_Surp:        0
Hugepagesize:       2048 kB
Hugetlb:               0 kB
DirectMap4k:      520192 kB
DirectMap2M:     5736448 kB
DirectMap1G:    1055916032 kB
