MemTotal:       393098644 kB
MemFree:        385994712 kB
MemAvailable:   389022156 kB
Buffers:           98812 kB
Cached:          4822292 kB
SwapCached:            0 kB
Active:           264160 kB
Inactive:        4840536 kB
Active(anon):       1752 kB
Inactive(anon):   210232 kB
Active(file):     262408 kB
Inactive(file):  4630304 kB
Unevictable:        3072 kB
Mlocked:               0 kB
SwapTotal:      19530748 kB
SwapFree:       19530748 kB
Dirty:             30564 kB
Writeback:             0 kB
AnonPages:        197992 kB
Mapped:           189588 kB
Shmem:             17456 kB
KReclaimable:     543732 kB
Slab:             792888 kB
SReclaimable:     543732 kB
SUnreclaim:       249156 kB
KernelStack:       17280 kB
PageTables:        14576 kB
NFS_Unstable:          0 kB
Bounce:                0 kB
WritebackTmp:          0 kB
CommitLimit:    216080068 kB
Committed_AS:    2657172 kB
VmallocTotal:   34359738367 kB
VmallocUsed:      276512 kB
VmallocChunk:          0 kB
Percpu:            83520 kB
HardwareCorrupted:     0 kB
AnonHugePages:         0 kB
ShmemHugePages:        0 kB
ShmemPmdMapped:        0 kB
FileHugePages:         0 kB
FilePmdMapped:         0 kB
CmaTotal:              0 kB
CmaFree:               0 kB
HugePages_Total:       0
HugePages_Free:        0
HugePages_Rsvd:        0
HugePages_Surp:        0
Hugepagesize:       2048 kB
Hugetlb:               0 kB
DirectMap4k:      555008 kB
DirectMap2M:     4653056 kB
DirectMap1G:    1056964608 kB
