MemTotal:       393098640 kB
MemFree:        390986680 kB
MemAvailable:   389647100 kB
Buffers:          115872 kB
Cached:           461460 kB
SwapCached:            0 kB
Active:           226488 kB
Inactive:         433412 kB
Active(anon):       1312 kB
Inactive(anon):   109828 kB
Active(file):     225176 kB
Inactive(file):   323584 kB
Unevictable:        3072 kB
Mlocked:               0 kB
SwapTotal:      19530748 kB
SwapFree:       19530748 kB
Dirty:               328 kB
Writeback:             0 kB
AnonPages:         86200 kB
Mapped:           195976 kB
Shmem:             28544 kB
KReclaimable:      78708 kB
Slab:             316444 kB
SReclaimable:      78708 kB
SUnreclaim:       237736 kB
KernelStack:       15984 kB
PageTables:        16696 kB
NFS_Unstable:          0 kB
Bounce:                0 kB
WritebackTmp:          0 kB
CommitLimit:    216080068 kB
Committed_AS:     604080 kB
VmallocTotal:   34359738367 kB
VmallocUsed:      274216 kB
VmallocChunk:          0 kB
Percpu:            86080 kB
HardwareCorrupted:     0 kB
AnonHugePages:         0 kB
ShmemHugePages:        0 kB
ShmemPmdMapped:        0 kB
FileHugePages:         0 kB
FilePmdMapped:         0 kB
CmaTotal:              0 kB
CmaFree:               0 kB
HugePages_Total:       0
HugePages_Free:        0
HugePages_Rsvd:        0
HugePages_Surp:        0
Hugepagesize:       2048 kB
Hugetlb:               0 kB
DirectMap4k:      550912 kB
DirectMap2M:     6754304 kB
DirectMap1G:    1054867456 kB
