MemTotal:       393098640 kB
MemFree:        384192824 kB
MemAvailable:   389058388 kB
Buffers:           82780 kB
Cached:          6629040 kB
SwapCached:            0 kB
Active:           234600 kB
Inactive:        6633144 kB
Active(anon):       1664 kB
Inactive(anon):   192292 kB
Active(file):     232936 kB
Inactive(file):  6440852 kB
Unevictable:        3072 kB
Mlocked:               0 kB
SwapTotal:      19530748 kB
SwapFree:       19530748 kB
Dirty:             26112 kB
Writeback:             0 kB
AnonPages:        168888 kB
Mapped:           188668 kB
Shmem:             28800 kB
KReclaimable:     656816 kB
Slab:             917368 kB
SReclaimable:     656816 kB
SUnreclaim:       260552 kB
KernelStack:       18400 kB
PageTables:        18888 kB
NFS_Unstable:          0 kB
Bounce:                0 kB
WritebackTmp:          0 kB
CommitLimit:    216080068 kB
Committed_AS:    4680424 kB
VmallocTotal:   34359738367 kB
VmallocUsed:      278384 kB
VmallocChunk:          0 kB
Percpu:            84480 kB
HardwareCorrupted:     0 kB
AnonHugePages:         0 kB
ShmemHugePages:        0 kB
ShmemPmdMapped:        0 kB
FileHugePages:         0 kB
FilePmdMapped:         0 kB
CmaTotal:              0 kB
CmaFree:               0 kB
HugePages_Total:       0
HugePages_Free:        0
HugePages_Rsvd:        0
HugePages_Surp:        0
Hugepagesize:       2048 kB
Hugetlb:               0 kB
DirectMap4k:      530432 kB
DirectMap2M:     5726208 kB
DirectMap1G:    1055916032 kB
