MemTotal:       393098628 kB
MemFree:        385825436 kB
MemAvailable:   389175708 kB
Buffers:           85720 kB
Cached:          5184752 kB
SwapCached:            0 kB
Active:           498480 kB
Inactive:        4951072 kB
Active(anon):     206920 kB
Inactive(anon):     2576 kB
Active(file):     291560 kB
Inactive(file):  4948496 kB
Unevictable:        3072 kB
Mlocked:               0 kB
SwapTotal:      19530748 kB
SwapFree:       19530748 kB
Dirty:             29636 kB
Writeback:             0 kB
AnonPages:        184216 kB
Mapped:           202424 kB
Shmem:             28800 kB
KReclaimable:     493696 kB
Slab:             753020 kB
SReclaimable:     493696 kB
SUnreclaim:       259324 kB
KernelStack:       18736 kB
PageTables:        19692 kB
NFS_Unstable:          0 kB
Bounce:                0 kB
WritebackTmp:          0 kB
CommitLimit:    216080060 kB
Committed_AS:    4702508 kB
VmallocTotal:   34359738367 kB
VmallocUsed:      278512 kB
VmallocChunk:          0 kB
Percpu:            84480 kB
HardwareCorrupted:     0 kB
AnonHugePages:         0 kB
ShmemHugePages:        0 kB
ShmemPmdMapped:        0 kB
FileHugePages:         0 kB
FilePmdMapped:         0 kB
CmaTotal:              0 kB
CmaFree:               0 kB
HugePages_Total:       0
HugePages_Free:        0
HugePages_Rsvd:        0
HugePages_Surp:        0
Hugepagesize:       2048 kB
Hugetlb:               0 kB
DirectMap4k:      479232 kB
DirectMap2M:     4728832 kB
DirectMap1G:    1056964608 kB
