MemTotal:       393098628 kB
MemFree:        384004116 kB
MemAvailable:   389061888 kB
Buffers:           86196 kB
Cached:          6858676 kB
SwapCached:            0 kB
Active:           463820 kB
Inactive:        6638604 kB
Active(anon):     184872 kB
Inactive(anon):     2584 kB
Active(file):     278948 kB
Inactive(file):  6636020 kB
Unevictable:        3072 kB
Mlocked:               0 kB
SwapTotal:      19530748 kB
SwapFree:       19530748 kB
Dirty:              8032 kB
Writeback:             0 kB
AnonPages:        162252 kB
Mapped:           192144 kB
Shmem:             28796 kB
KReclaimable:     559576 kB
Slab:             819720 kB
SReclaimable:     559576 kB
SUnreclaim:       260144 kB
KernelStack:       18624 kB
PageTables:        18988 kB
NFS_Unstable:          0 kB
Bounce:                0 kB
WritebackTmp:          0 kB
CommitLimit:    216080060 kB
Committed_AS:    4678716 kB
VmallocTotal:   34359738367 kB
VmallocUsed:      279024 kB
VmallocChunk:          0 kB
Percpu:            84160 kB
HardwareCorrupted:     0 kB
AnonHugePages:         0 kB
ShmemHugePages:        0 kB
ShmemPmdMapped:        0 kB
FileHugePages:         0 kB
FilePmdMapped:         0 kB
CmaTotal:              0 kB
CmaFree:               0 kB
HugePages_Total:       0
HugePages_Free:        0
HugePages_Rsvd:        0
HugePages_Surp:        0
Hugepagesize:       2048 kB
Hugetlb:               0 kB
DirectMap4k:      565248 kB
DirectMap2M:     5691392 kB
DirectMap1G:    1055916032 kB
