MemTotal:       393098628 kB
MemFree:        390917144 kB
MemAvailable:   389580660 kB
Buffers:          112976 kB
Cached:           470576 kB
SwapCached:            0 kB
Active:           427736 kB
Inactive:         248312 kB
Active(anon):     118660 kB
Inactive(anon):     2416 kB
Active(file):     309076 kB
Inactive(file):   245896 kB
Unevictable:        3072 kB
Mlocked:               0 kB
SwapTotal:      19530748 kB
SwapFree:       19530748 kB
Dirty:               868 kB
Writeback:             0 kB
AnonPages:         95920 kB
Mapped:           190868 kB
Shmem:             28580 kB
KReclaimable:      78684 kB
Slab:             314224 kB
SReclaimable:      78684 kB
SUnreclaim:       235540 kB
KernelStack:       14752 kB
PageTables:         9980 kB
NFS_Unstable:          0 kB
Bounce:                0 kB
WritebackTmp:          0 kB
CommitLimit:    216080060 kB
Committed_AS:    1161828 kB
VmallocTotal:   34359738367 kB
VmallocUsed:      274440 kB
VmallocChunk:          0 kB
Percpu:            85120 kB
HardwareCorrupted:     0 kB
AnonHugePages:         0 kB
ShmemHugePages:        0 kB
ShmemPmdMapped:        0 kB
FileHugePages:         0 kB
FilePmdMapped:         0 kB
CmaTotal:              0 kB
CmaFree:               0 kB
HugePages_Total:       0
HugePages_Free:        0
HugePages_Rsvd:        0
HugePages_Surp:        0
Hugepagesize:       2048 kB
Hugetlb:               0 kB
DirectMap4k:      518144 kB
DirectMap2M:     4689920 kB
DirectMap1G:    1056964608 kB
