MemTotal:       393098640 kB
MemFree:        386364664 kB
MemAvailable:   389019148 kB
Buffers:           83752 kB
Cached:          4516040 kB
SwapCached:            0 kB
Active:           213512 kB
Inactive:        4548120 kB
Active(anon):       1608 kB
Inactive(anon):   197892 kB
Active(file):     211904 kB
Inactive(file):  4350228 kB
Unevictable:        3072 kB
Mlocked:               0 kB
SwapTotal:      19530748 kB
SwapFree:       19530748 kB
Dirty:             29724 kB
Writeback:             0 kB
AnonPages:        174992 kB
Mapped:           187828 kB
Shmem:             28544 kB
KReclaimable:     457968 kB
Slab:             723332 kB
SReclaimable:     457968 kB
SUnreclaim:       265364 kB
KernelStack:       19424 kB
PageTables:        20252 kB
NFS_Unstable:          0 kB
Bounce:                0 kB
WritebackTmp:          0 kB
CommitLimit:    216080068 kB
Committed_AS:    4680544 kB
VmallocTotal:   34359738367 kB
VmallocUsed:      278848 kB
VmallocChunk:          0 kB
Percpu:            85120 kB
HardwareCorrupted:     0 kB
AnonHugePages:         0 kB
ShmemHugePages:        0 kB
ShmemPmdMapped:        0 kB
FileHugePages:         0 kB
FilePmdMapped:         0 kB
CmaTotal:              0 kB
CmaFree:               0 kB
HugePages_Total:       0
HugePages_Free:        0
HugePages_Rsvd:        0
HugePages_Surp:        0
Hugepagesize:       2048 kB
Hugetlb:               0 kB
DirectMap4k:      485376 kB
DirectMap2M:     5771264 kB
DirectMap1G:    1055916032 kB
