MemTotal:       393098624 kB
MemFree:        386052424 kB
MemAvailable:   389081708 kB
Buffers:           87984 kB
Cached:          4871904 kB
SwapCached:            0 kB
Active:           490812 kB
Inactive:        4648664 kB
Active(anon):     208504 kB
Inactive(anon):     2600 kB
Active(file):     282308 kB
Inactive(file):  4646064 kB
Unevictable:        3072 kB
Mlocked:               0 kB
SwapTotal:      19530748 kB
SwapFree:       19530748 kB
Dirty:             29800 kB
Writeback:             0 kB
AnonPages:        185640 kB
Mapped:           199388 kB
Shmem:             28864 kB
KReclaimable:     475084 kB
Slab:             733176 kB
SReclaimable:     475084 kB
SUnreclaim:       258092 kB
KernelStack:       19232 kB
PageTables:        19368 kB
NFS_Unstable:          0 kB
Bounce:                0 kB
WritebackTmp:          0 kB
CommitLimit:    216080060 kB
Committed_AS:    4695408 kB
VmallocTotal:   34359738367 kB
VmallocUsed:      278784 kB
VmallocChunk:          0 kB
Percpu:            84800 kB
HardwareCorrupted:     0 kB
AnonHugePages:         0 kB
ShmemHugePages:        0 kB
ShmemPmdMapped:        0 kB
FileHugePages:         0 kB
FilePmdMapped:         0 kB
CmaTotal:              0 kB
CmaFree:               0 kB
HugePages_Total:       0
HugePages_Free:        0
HugePages_Rsvd:        0
HugePages_Surp:        0
Hugepagesize:       2048 kB
Hugetlb:               0 kB
DirectMap4k:      514048 kB
DirectMap2M:     5742592 kB
DirectMap1G:    1055916032 kB
