MemTotal:       393098644 kB
MemFree:        384492656 kB
MemAvailable:   388923020 kB
Buffers:           86372 kB
Cached:          6252016 kB
SwapCached:            0 kB
Active:           295828 kB
Inactive:        6250900 kB
Active(anon):       1792 kB
Inactive(anon):   245972 kB
Active(file):     294036 kB
Inactive(file):  6004928 kB
Unevictable:        3072 kB
Mlocked:               0 kB
SwapTotal:      19530748 kB
SwapFree:       19530748 kB
Dirty:              1836 kB
Writeback:             0 kB
AnonPages:        222664 kB
Mapped:           207952 kB
Shmem:             28864 kB
KReclaimable:     537776 kB
Slab:             796528 kB
SReclaimable:     537776 kB
SUnreclaim:       258752 kB
KernelStack:       19312 kB
PageTables:        19952 kB
NFS_Unstable:          0 kB
Bounce:                0 kB
WritebackTmp:          0 kB
CommitLimit:    216080068 kB
Committed_AS:    4744072 kB
VmallocTotal:   34359738367 kB
VmallocUsed:      278800 kB
VmallocChunk:          0 kB
Percpu:            84160 kB
HardwareCorrupted:     0 kB
AnonHugePages:         0 kB
ShmemHugePages:        0 kB
ShmemPmdMapped:        0 kB
FileHugePages:         0 kB
FilePmdMapped:         0 kB
CmaTotal:              0 kB
CmaFree:               0 kB
HugePages_Total:       0
HugePages_Free:        0
HugePages_Rsvd:        0
HugePages_Surp:        0
Hugepagesize:       2048 kB
Hugetlb:               0 kB
DirectMap4k:      495616 kB
DirectMap2M:     4712448 kB
DirectMap1G:    1056964608 kB
