MemTotal:       393098628 kB
MemFree:        383649972 kB
MemAvailable:   388949068 kB
Buffers:           99304 kB
Cached:          7084328 kB
SwapCached:            0 kB
Active:           482344 kB
Inactive:        6871708 kB
Active(anon):     200208 kB
Inactive(anon):     2588 kB
Active(file):     282136 kB
Inactive(file):  6869120 kB
Unevictable:        3072 kB
Mlocked:               0 kB
SwapTotal:      19530748 kB
SwapFree:       19530748 kB
Dirty:             25672 kB
Writeback:             0 kB
AnonPages:        177656 kB
Mapped:           198572 kB
Shmem:             28800 kB
KReclaimable:     568640 kB
Slab:             826152 kB
SReclaimable:     568640 kB
SUnreclaim:       257512 kB
KernelStack:       18032 kB
PageTables:        20348 kB
NFS_Unstable:          0 kB
Bounce:                0 kB
WritebackTmp:          0 kB
CommitLimit:    216080060 kB
Committed_AS:    4692724 kB
VmallocTotal:   34359738367 kB
VmallocUsed:      278480 kB
VmallocChunk:          0 kB
Percpu:            85120 kB
HardwareCorrupted:     0 kB
AnonHugePages:         0 kB
ShmemHugePages:        0 kB
ShmemPmdMapped:        0 kB
FileHugePages:         0 kB
FilePmdMapped:         0 kB
CmaTotal:              0 kB
CmaFree:               0 kB
HugePages_Total:       0
HugePages_Free:        0
HugePages_Rsvd:        0
HugePages_Surp:        0
Hugepagesize:       2048 kB
Hugetlb:               0 kB
DirectMap4k:      526336 kB
DirectMap2M:     5730304 kB
DirectMap1G:    1055916032 kB
