MemTotal:       393098628 kB
MemFree:        387998004 kB
MemAvailable:   389280044 kB
Buffers:           15540 kB
Cached:          3211796 kB
SwapCached:          224 kB
Active:           298524 kB
Inactive:        3034760 kB
Active(anon):     124016 kB
Inactive(anon):      968 kB
Active(file):     174508 kB
Inactive(file):  3033792 kB
Unevictable:        3072 kB
Mlocked:               0 kB
SwapTotal:      19530748 kB
SwapFree:       19528944 kB
Dirty:               196 kB
Writeback:             0 kB
AnonPages:        112324 kB
Mapped:           168440 kB
Shmem:             16268 kB
KReclaimable:     422196 kB
Slab:             685176 kB
SReclaimable:     422196 kB
SUnreclaim:       262980 kB
KernelStack:       14896 kB
PageTables:        13416 kB
NFS_Unstable:          0 kB
Bounce:                0 kB
WritebackTmp:          0 kB
CommitLimit:    216080060 kB
Committed_AS:    2569588 kB
VmallocTotal:   34359738367 kB
VmallocUsed:      274616 kB
VmallocChunk:          0 kB
Percpu:            83200 kB
HardwareCorrupted:     0 kB
AnonHugePages:         0 kB
ShmemHugePages:        0 kB
ShmemPmdMapped:        0 kB
FileHugePages:         0 kB
FilePmdMapped:         0 kB
CmaTotal:              0 kB
CmaFree:               0 kB
HugePages_Total:       0
HugePages_Free:        0
HugePages_Rsvd:        0
HugePages_Surp:        0
Hugepagesize:       2048 kB
Hugetlb:               0 kB
DirectMap4k:      522240 kB
DirectMap2M:     4685824 kB
DirectMap1G:    1056964608 kB
