MemTotal:       393098644 kB
MemFree:        384955808 kB
MemAvailable:   389071092 kB
Buffers:           83224 kB
Cached:          5891120 kB
SwapCached:            0 kB
Active:           323436 kB
Inactive:        5796224 kB
Active(anon):       1856 kB
Inactive(anon):   173760 kB
Active(file):     321580 kB
Inactive(file):  5622464 kB
Unevictable:        3072 kB
Mlocked:               0 kB
SwapTotal:      19530748 kB
SwapFree:       19530748 kB
Dirty:             32704 kB
Writeback:             0 kB
AnonPages:        162036 kB
Mapped:           184256 kB
Shmem:             17460 kB
KReclaimable:     615436 kB
Slab:             868032 kB
SReclaimable:     615436 kB
SUnreclaim:       252596 kB
KernelStack:       16752 kB
PageTables:        14104 kB
NFS_Unstable:          0 kB
Bounce:                0 kB
WritebackTmp:          0 kB
CommitLimit:    216080068 kB
Committed_AS:    2613352 kB
VmallocTotal:   34359738367 kB
VmallocUsed:      276704 kB
VmallocChunk:          0 kB
Percpu:            84480 kB
HardwareCorrupted:     0 kB
AnonHugePages:         0 kB
ShmemHugePages:        0 kB
ShmemPmdMapped:        0 kB
FileHugePages:         0 kB
FilePmdMapped:         0 kB
CmaTotal:              0 kB
CmaFree:               0 kB
HugePages_Total:       0
HugePages_Free:        0
HugePages_Rsvd:        0
HugePages_Surp:        0
Hugepagesize:       2048 kB
Hugetlb:               0 kB
DirectMap4k:      495616 kB
DirectMap2M:     5761024 kB
DirectMap1G:    1055916032 kB
