MemTotal:       393098644 kB
MemFree:        381687304 kB
MemAvailable:   388937204 kB
Buffers:           85116 kB
Cached:          8944032 kB
SwapCached:            0 kB
Active:           325800 kB
Inactive:        8827768 kB
Active(anon):       1800 kB
Inactive(anon):   148708 kB
Active(file):     324000 kB
Inactive(file):  8679060 kB
Unevictable:        3072 kB
Mlocked:               0 kB
SwapTotal:      19530748 kB
SwapFree:       19530748 kB
Dirty:             33192 kB
Writeback:             0 kB
AnonPages:        136680 kB
Mapped:           173144 kB
Shmem:             17460 kB
KReclaimable:     766944 kB
Slab:            1019896 kB
SReclaimable:     766944 kB
SUnreclaim:       252952 kB
KernelStack:       16912 kB
PageTables:        14432 kB
NFS_Unstable:          0 kB
Bounce:                0 kB
WritebackTmp:          0 kB
CommitLimit:    216080068 kB
Committed_AS:    2588876 kB
VmallocTotal:   34359738367 kB
VmallocUsed:      276192 kB
VmallocChunk:          0 kB
Percpu:            84480 kB
HardwareCorrupted:     0 kB
AnonHugePages:         0 kB
ShmemHugePages:        0 kB
ShmemPmdMapped:        0 kB
FileHugePages:         0 kB
FilePmdMapped:         0 kB
CmaTotal:              0 kB
CmaFree:               0 kB
HugePages_Total:       0
HugePages_Free:        0
HugePages_Rsvd:        0
HugePages_Surp:        0
Hugepagesize:       2048 kB
Hugetlb:               0 kB
DirectMap4k:      536576 kB
DirectMap2M:     4671488 kB
DirectMap1G:    1056964608 kB
