MemTotal:       393098624 kB
MemFree:        382884484 kB
MemAvailable:   389088060 kB
Buffers:           84244 kB
Cached:          7911304 kB
SwapCached:            0 kB
Active:           429252 kB
Inactive:        7699060 kB
Active(anon):     147944 kB
Inactive(anon):     2588 kB
Active(file):     281308 kB
Inactive(file):  7696472 kB
Unevictable:        3072 kB
Mlocked:               0 kB
SwapTotal:      19530748 kB
SwapFree:       19530748 kB
Dirty:              2448 kB
Writeback:             0 kB
AnonPages:        136472 kB
Mapped:           180920 kB
Shmem:             17456 kB
KReclaimable:     724552 kB
Slab:             978608 kB
SReclaimable:     724552 kB
SUnreclaim:       254056 kB
KernelStack:       17088 kB
PageTables:        14392 kB
NFS_Unstable:          0 kB
Bounce:                0 kB
WritebackTmp:          0 kB
CommitLimit:    216080060 kB
Committed_AS:    2603212 kB
VmallocTotal:   34359738367 kB
VmallocUsed:      276112 kB
VmallocChunk:          0 kB
Percpu:            83520 kB
HardwareCorrupted:     0 kB
AnonHugePages:         0 kB
ShmemHugePages:        0 kB
ShmemPmdMapped:        0 kB
FileHugePages:         0 kB
FilePmdMapped:         0 kB
CmaTotal:              0 kB
CmaFree:               0 kB
HugePages_Total:       0
HugePages_Free:        0
HugePages_Rsvd:        0
HugePages_Surp:        0
Hugepagesize:       2048 kB
Hugetlb:               0 kB
DirectMap4k:      458752 kB
DirectMap2M:     5797888 kB
DirectMap1G:    1055916032 kB
