MemTotal:       393098628 kB
MemFree:        382941032 kB
MemAvailable:   388916096 kB
Buffers:           85236 kB
Cached:          7687924 kB
SwapCached:            0 kB
Active:           443460 kB
Inactive:        7474488 kB
Active(anon):     160876 kB
Inactive(anon):     2592 kB
Active(file):     282584 kB
Inactive(file):  7471896 kB
Unevictable:        3072 kB
Mlocked:               0 kB
SwapTotal:      19530748 kB
SwapFree:       19530748 kB
Dirty:             30128 kB
Writeback:             0 kB
AnonPages:        149596 kB
Mapped:           189480 kB
Shmem:             17132 kB
KReclaimable:     715132 kB
Slab:             970460 kB
SReclaimable:     715132 kB
SUnreclaim:       255328 kB
KernelStack:       16784 kB
PageTables:        14300 kB
NFS_Unstable:          0 kB
Bounce:                0 kB
WritebackTmp:          0 kB
CommitLimit:    216080060 kB
Committed_AS:    2609740 kB
VmallocTotal:   34359738367 kB
VmallocUsed:      276256 kB
VmallocChunk:          0 kB
Percpu:            84480 kB
HardwareCorrupted:     0 kB
AnonHugePages:         0 kB
ShmemHugePages:        0 kB
ShmemPmdMapped:        0 kB
FileHugePages:         0 kB
FilePmdMapped:         0 kB
CmaTotal:              0 kB
CmaFree:               0 kB
HugePages_Total:       0
HugePages_Free:        0
HugePages_Rsvd:        0
HugePages_Surp:        0
Hugepagesize:       2048 kB
Hugetlb:               0 kB
DirectMap4k:      468992 kB
DirectMap2M:     4739072 kB
DirectMap1G:    1056964608 kB
