MemTotal:       393098628 kB
MemFree:        391012416 kB
MemAvailable:   389686588 kB
Buffers:          115824 kB
Cached:           476056 kB
SwapCached:            0 kB
Active:           423784 kB
Inactive:         253272 kB
Active(anon):      99828 kB
Inactive(anon):     2360 kB
Active(file):     323956 kB
Inactive(file):   250912 kB
Unevictable:        3072 kB
Mlocked:               0 kB
SwapTotal:      19530748 kB
SwapFree:       19530748 kB
Dirty:               708 kB
Writeback:             0 kB
AnonPages:         87844 kB
Mapped:           201840 kB
Shmem:             16964 kB
KReclaimable:      80100 kB
Slab:             318804 kB
SReclaimable:      80100 kB
SUnreclaim:       238704 kB
KernelStack:       15264 kB
PageTables:        15576 kB
NFS_Unstable:          0 kB
Bounce:                0 kB
WritebackTmp:          0 kB
CommitLimit:    216080060 kB
Committed_AS:    2182012 kB
VmallocTotal:   34359738367 kB
VmallocUsed:      274060 kB
VmallocChunk:          0 kB
Percpu:            85440 kB
HardwareCorrupted:     0 kB
AnonHugePages:         0 kB
ShmemHugePages:        0 kB
ShmemPmdMapped:        0 kB
FileHugePages:         0 kB
FilePmdMapped:         0 kB
CmaTotal:              0 kB
CmaFree:               0 kB
HugePages_Total:       0
HugePages_Free:        0
HugePages_Rsvd:        0
HugePages_Surp:        0
Hugepagesize:       2048 kB
Hugetlb:               0 kB
DirectMap4k:      530432 kB
DirectMap2M:     4677632 kB
DirectMap1G:    1056964608 kB
