MemTotal:       393098644 kB
MemFree:        386776036 kB
MemAvailable:   389010104 kB
Buffers:           87492 kB
Cached:          4088788 kB
SwapCached:            0 kB
Active:           445028 kB
Inactive:        3882252 kB
Active(anon):       1796 kB
Inactive(anon):   179276 kB
Active(file):     443232 kB
Inactive(file):  3702976 kB
Unevictable:        3072 kB
Mlocked:               0 kB
SwapTotal:      19530748 kB
SwapFree:       19530748 kB
Dirty:              1480 kB
Writeback:             0 kB
AnonPages:        167552 kB
Mapped:           193432 kB
Shmem:             17460 kB
KReclaimable:     448680 kB
Slab:             695300 kB
SReclaimable:     448680 kB
SUnreclaim:       246620 kB
KernelStack:       17104 kB
PageTables:        14596 kB
NFS_Unstable:          0 kB
Bounce:                0 kB
WritebackTmp:          0 kB
CommitLimit:    216080068 kB
Committed_AS:    2618912 kB
VmallocTotal:   34359738367 kB
VmallocUsed:      276256 kB
VmallocChunk:          0 kB
Percpu:            83840 kB
HardwareCorrupted:     0 kB
AnonHugePages:         0 kB
ShmemHugePages:        0 kB
ShmemPmdMapped:        0 kB
FileHugePages:         0 kB
FilePmdMapped:         0 kB
CmaTotal:              0 kB
CmaFree:               0 kB
HugePages_Total:       0
HugePages_Free:        0
HugePages_Rsvd:        0
HugePages_Surp:        0
Hugepagesize:       2048 kB
Hugetlb:               0 kB
DirectMap4k:      483328 kB
DirectMap2M:     4724736 kB
DirectMap1G:    1056964608 kB
