MemTotal:       393098628 kB
MemFree:        387325988 kB
MemAvailable:   388919788 kB
Buffers:           98768 kB
Cached:          3445100 kB
SwapCached:            0 kB
Active:           589664 kB
Inactive:        3231848 kB
Active(anon):     304376 kB
Inactive(anon):     2588 kB
Active(file):     285288 kB
Inactive(file):  3229260 kB
Unevictable:        3072 kB
Mlocked:               0 kB
SwapTotal:      19530748 kB
SwapFree:       19530748 kB
Dirty:             29672 kB
Writeback:             0 kB
AnonPages:        281976 kB
Mapped:           196296 kB
Shmem:             28796 kB
KReclaimable:     431460 kB
Slab:             694216 kB
SReclaimable:     431460 kB
SUnreclaim:       262756 kB
KernelStack:       18624 kB
PageTables:        19144 kB
NFS_Unstable:          0 kB
Bounce:                0 kB
WritebackTmp:          0 kB
CommitLimit:    216080060 kB
Committed_AS:    4795168 kB
VmallocTotal:   34359738367 kB
VmallocUsed:      278784 kB
VmallocChunk:          0 kB
Percpu:            85760 kB
HardwareCorrupted:     0 kB
AnonHugePages:         0 kB
ShmemHugePages:        0 kB
ShmemPmdMapped:        0 kB
FileHugePages:         0 kB
FilePmdMapped:         0 kB
CmaTotal:              0 kB
CmaFree:               0 kB
HugePages_Total:       0
HugePages_Free:        0
HugePages_Rsvd:        0
HugePages_Surp:        0
Hugepagesize:       2048 kB
Hugetlb:               0 kB
DirectMap4k:      542720 kB
DirectMap2M:     4665344 kB
DirectMap1G:    1056964608 kB
